---
source: crates/kibitz-verbalize/tests/verbalize.rs
assertion_line: 481
expression: out
---
They can just take Black's knight on c6 and come out ahead. Move it, back it up, or remove the attacker. The attack from White's knight on e5 and the bishop on b5 is met only by Black's pawn on b7. That defender is overloaded — no piece can be in two places at once. If the captures start, the attacker comes out ahead by about two pawns. The engine confirms it: Bxc6 bxc6 Nxc6, winning about 1.9 pawns. Meanwhile, nobody is looking after Black's rook on a8 — it has been left to fend for itself.
