---
source: crates/kibitz-core/tests/imbalance_golden.rs
expression: record
---
{
  "schema_version": 4,
  "fen": "r1bqkb1r/pp3ppp/2np1n2/1N2p3/4P3/2N5/PPP2PPP/R1BQKB1R w KQkq - 0 7",
  "side_to_move": "white",
  "phase": "opening",
  "wsui": {
    "alerts": [],
    "screen_fired": false
  },
  "imbalances": [
    {
      "kind": "MinorPieces",
      "favors": "white",
      "magnitude": "minor",
      "evidence": {
        "bad_bishop_black": {
          "bishop": "f8",
          "blocking_pawns": [
            "e5",
            "d6"
          ]
        },
        "character": "open",
        "locked_center_pawns": 1
      },
      "plans": [
        {
          "hint": "RestrictKnight",
          "squares": [
            "c6",
            "f6"
          ]
        }
      ]
    },
    {
      "kind": "PawnStructure",
      "favors": "white",
      "magnitude": "minor",
      "evidence": {
        "backward_black": [
          "d6"
        ],
        "central_majority": "black",
        "locked_files": [
          "e"
        ],
        "queenside_majority": "white"
      },
      "plans": [
        {
          "hint": "PressureBackwardPawn",
          "squares": [
            "d6",
            "d5"
          ]
        }
      ]
    },
    {
      "kind": "FilesDiagonals",
      "favors": "balanced",
      "magnitude": "minor",
      "evidence": {
        "half_open_files_black": [
          "c"
        ],
        "half_open_files_white": [
          "d"
        ]
      }
    },
    {
      "kind": "SquaresOutposts",
      "favors": "white",
      "magnitude": "minor",
      "evidence": {
        "holes_in_black_camp": [
          "d5"
        ]
      },
      "plans": [
        {
          "hint": "TradeSquareDefender",
          "squares": [
            "f6",
            "d5"
          ]
        },
        {
          "hint": "ManeuverKnightToOutpost",
          "squares": [
            "c3",
            "d5"
          ]
        },
        {
          "hint": "ManeuverBishopToSupportPoint",
          "squares": [
            "f1",
            "c4",
            "d5"
          ]
        }
      ]
    },
    {
      "kind": "Initiative",
      "favors": "balanced",
      "magnitude": "minor",
      "evidence": {
        "black_forcing_moves": 0,
        "white_forcing_moves": 2
      }
    }
  ],
  "composite_plans": [
    {
      "target": "d5",
      "hints": [
        "PressureBackwardPawn",
        "ManeuverKnightToOutpost"
      ],
      "supporting": [
        "PawnStructure",
        "SquaresOutposts"
      ],
      "squares": [
        "d6",
        "d5",
        "c3"
      ],
      "score": 2,
      "favors": "white"
    },
    {
      "target": "f6",
      "hints": [
        "RestrictKnight"
      ],
      "supporting": [
        "MinorPieces"
      ],
      "squares": [
        "c6",
        "f6"
      ],
      "score": 1,
      "favors": "white"
    }
  ],
  "maneuvers": [
    {
      "piece": "knight",
      "from": "c3",
      "to": "d5",
      "moves": 1,
      "reason": "permanent_hole",
      "blocked_by": [
        "f6"
      ],
      "favors": "white"
    },
    {
      "piece": "bishop",
      "from": "f1",
      "via": [
        "c4"
      ],
      "to": "d5",
      "moves": 2,
      "reason": "support_point",
      "blocked_by": [
        "f6"
      ],
      "favors": "white"
    }
  ],
  "schemes": [
    {
      "target": "d5",
      "favors": "white",
      "steps": [
        {
          "kind": "clear",
          "agent": "c1",
          "via": [
            "g5"
          ],
          "squares": [
            "f6"
          ],
          "moves": 1
        },
        {
          "kind": "maneuver",
          "agent": "c3",
          "squares": [
            "c3",
            "d5"
          ],
          "moves": 1
        },
        {
          "kind": "maneuver",
          "agent": "f1",
          "via": [
            "c4"
          ],
          "squares": [
            "f1",
            "c4",
            "d5"
          ],
          "moves": 2
        },
        {
          "kind": "exploit",
          "hint": "PressureBackwardPawn",
          "squares": [
            "d6",
            "d5",
            "c3"
          ],
          "moves": 0
        }
      ],
      "horizon": 2
    }
  ],
  "engine": null,
  "provenance": {
    "generator": "kibitz-core",
    "version": "[version]"
  }
}
