---
source: crates/silman-verbalize/tests/verbalize.rs
expression: out
---
No immediate tactics jump out; the position will be decided by its long-term features.

White has the healthier pawn structure — Black's isolated pawn on d5 and a half-open d-file. Meanwhile, White has the superior minor pieces — the bishop pair.

A good plan for White: blockade the weak pawn, then pile up on it (key squares: d4 and d5). Another idea for White: look for ways to open the position.
